USE master
go

-- Should be blocked
CREATE ROLE babel_2410_role
go
~~ERROR (Code: 33557097)~~

~~ERROR (Message: 'CREATE ROLE' is not currently supported in Babelfish)~~


DROP ROLE babel_2410_role
go
~~ERROR (Code: 33557097)~~

~~ERROR (Message: 'DROP ROLE' is not currently supported in Babelfish)~~

